[backblue.gif]
[fade.gif]
[index.html]
[file/E_/templates/pulse/flatfull.com/themes/pulse/signup.html]
[file/E_/templates/pulse/flatfull.com/themes/pulse/images/logo.png]
[file/E_/templates/pulse/flatfull.com/themes/pulse/css/animate.css/animate.min.css]
[file/E_/templates/pulse/flatfull.com/themes/pulse/css/glyphicons/glyphicons.css]
[file/E_/templates/pulse/flatfull.com/themes/pulse/css/glyphicons/glyphicons-halflings-regular.eot]
[file/E_/templates/pulse/flatfull.com/themes/pulse/css/glyphicons/glyphicons-halflings-regular.woff]
[file/E_/templates/pulse/flatfull.com/themes/pulse/css/glyphicons/glyphicons-halflings-regular.ttf]
[file/E_/templates/pulse/flatfull.com/themes/pulse/css/font-awesome/css/font-awesome.min.css]
[file/E_/templates/pulse/flatfull.com/themes/pulse/css/material-design-icons/material-design-icons.css]
[file/E_/templates/pulse/flatfull.com/themes/pulse/css/material-design-icons/iconfont/MaterialIcons-Regular.eot]
[file/E_/templates/pulse/flatfull.com/themes/pulse/css/material-design-icons/iconfont/MaterialIcons-Regular.woff]
[file/E_/templates/pulse/flatfull.com/themes/pulse/css/material-design-icons/iconfont/MaterialIcons-Regular.ttf]
[file/E_/templates/pulse/flatfull.com/themes/pulse/css/bootstrap/dist/css/bootstrap.min.css]
[file/E_/templates/pulse/flatfull.com/themes/pulse/css/styles/app.min.css]
[file/E_/templates/pulse/flatfull.com/themes/pulse/index.html]
[file/E_/templates/pulse/flatfull.com/themes/pulse/css/fonts/poppins/400.eot]
[file/E_/templates/pulse/flatfull.com/themes/pulse/css/fonts/poppins/400.woff]
[file/E_/templates/pulse/flatfull.com/themes/pulse/css/fonts/poppins/400.ttf]
[file/E_/templates/pulse/flatfull.com/themes/pulse/css/fonts/poppins/700.eot]
[file/E_/templates/pulse/flatfull.com/themes/pulse/css/fonts/poppins/700.woff]
[file/E_/templates/pulse/flatfull.com/themes/pulse/css/fonts/poppins/700.ttf]
[file/E_/templates/pulse/flatfull.com/themes/pulse/signin.html]
[file/E_/templates/pulse/flatfull.com/themes/pulse/images/b1.jpg]
[file/E_/templates/pulse/flatfull.com/themes/pulse/images/b7.jpg]
[file/E_/templates/pulse/flatfull.com/themes/pulse/images/b10.jpg]
[file/E_/templates/pulse/flatfull.com/themes/pulse/scripts/app.min.js]
[file/E_/templates/pulse/flatfull.com/themes/pulse/css/glyphicons/glyphicons-halflings-regular.html]
[file/E_/templates/pulse/flatfull.com/themes/pulse/css/glyphicons/glyphicons-halflings-regular.svg]
[file/E_/templates/pulse/flatfull.com/themes/pulse/css/material-design-icons/iconfont/MaterialIcons-Regular.html]
[file/E_/templates/pulse/flatfull.com/themes/pulse/css/fonts/poppins/400.html]
[file/E_/templates/pulse/flatfull.com/themes/pulse/css/fonts/poppins/400.svg]
[file/E_/templates/pulse/flatfull.com/themes/pulse/css/fonts/poppins/700.html]
[file/E_/templates/pulse/flatfull.com/themes/pulse/css/fonts/poppins/700.svg]
[file/E_/templates/pulse/flatfull.com/themes/pulse/css/styles/owl.video.play.html]
[file/E_/templates/pulse/flatfull.com/themes/pulse/css/styles/bigplay.html]
[file/E_/templates/pulse/flatfull.com/themes/pulse/css/styles/bigplay-2.html]
[file/E_/templates/pulse/flatfull.com/themes/pulse/css/styles/background.html]
[file/E_/templates/pulse/flatfull.com/themes/pulse/css/styles/loading.html]
[file/E_/templates/pulse/flatfull.com/themes/pulse/css/styles/controls.html]
[file/E_/templates/pulse/flatfull.com/themes/pulse/css/styles/controls-2.html]
[file/E_/templates/pulse/flatfull.com/themes/pulse/css/styles/jumpforward.html]
[file/E_/templates/pulse/flatfull.com/themes/pulse/css/styles/skipback.html]
[file/E_/templates/pulse/flatfull.com/themes/pulse/home.html]
[file/E_/templates/pulse/flatfull.com/themes/pulse/images/a3.jpg]
[file/E_/templates/pulse/flatfull.com/themes/pulse/images/c1.jpg]
[file/E_/templates/pulse/flatfull.com/themes/pulse/images/c2.jpg]
[file/E_/templates/pulse/flatfull.com/themes/pulse/images/c3.jpg]
[file/E_/templates/pulse/flatfull.com/themes/pulse/images/b0.jpg]
[file/E_/templates/pulse/flatfull.com/themes/pulse/images/b2.jpg]
[file/E_/templates/pulse/flatfull.com/themes/pulse/images/b3.jpg]
[file/E_/templates/pulse/flatfull.com/themes/pulse/images/b4.jpg]
[file/E_/templates/pulse/flatfull.com/themes/pulse/images/b5.jpg]
[file/E_/templates/pulse/flatfull.com/themes/pulse/images/b11.jpg]
[file/E_/templates/pulse/flatfull.com/themes/pulse/images/b6.jpg]
[file/E_/templates/pulse/flatfull.com/themes/pulse/images/b9.jpg]
[file/E_/templates/pulse/flatfull.com/themes/pulse/images/b8.jpg]
[file/E_/templates/pulse/flatfull.com/themes/pulse/images/a0.jpg]
[file/E_/templates/pulse/flatfull.com/themes/pulse/images/a4.jpg]
[file/E_/templates/pulse/flatfull.com/themes/pulse/images/a5.jpg]
[file/E_/templates/pulse/flatfull.com/themes/pulse/images/a1.jpg]
[file/E_/templates/pulse/flatfull.com/themes/pulse/player.html]
[file/E_/templates/pulse/flatfull.com/themes/pulse/rtl.html]
[file/E_/templates/pulse/flatfull.com/themes/pulse/images/a8.jpg]
[file/E_/templates/pulse/flatfull.com/themes/pulse/forgot-password.html]
[file/E_/templates/pulse/flatfull.com/themes/pulse/profile.html]
[file/E_/templates/pulse/flatfull.com/themes/pulse/docs.html]
[file/E_/templates/pulse/flatfull.com/themes/pulse/images/a9.jpg]
[file/E_/templates/pulse/flatfull.com/themes/pulse/images/a2.jpg]
[file/E_/templates/pulse/flatfull.com/themes/pulse/browse.html]
[file/E_/templates/pulse/flatfull.com/themes/pulse/chart.html]
[file/E_/templates/pulse/flatfull.com/themes/pulse/artist.html]
[file/E_/templates/pulse/flatfull.com/themes/pulse/images/a6.jpg]
[file/E_/templates/pulse/flatfull.com/themes/pulse/images/a7.jpg]
[file/E_/templates/pulse/flatfull.com/themes/pulse/track.detail.html]
[file/E_/templates/pulse/flatfull.com/themes/pulse/artist.detail.html]
[file/E_/templates/pulse/flatfull.com/themes/pulse/css/bootstrap-rtl/dist/bootstrap-rtl.css]
[file/E_/templates/pulse/flatfull.com/themes/pulse/css/styles/app.rtl.css]
[file/E_/templates/pulse/flatfull.com/themes/pulse/libs/mediaelement/build/mep.rtl.css]
[file/E_/templates/pulse/flatfull.com/themes/pulse/scripts/rtl.js]
[file/E_/templates/pulse/flatfull.com/themes/pulse/css/glyphicons/glyphicons-halflings-regulard41dd41d.eot]
[file/E_/templates/pulse/flatfull.com/themes/pulse/css/font-awesome/fonts/fontawesome-webfonte0a5e0a5.eot]
[file/E_/templates/pulse/flatfull.com/themes/pulse/css/font-awesome/fonts/fontawesome-webfontd41dd41d.eot]
[file/E_/templates/pulse/flatfull.com/themes/pulse/css/font-awesome/fonts/fontawesome-webfonte0a5e0a5.html]
[file/E_/templates/pulse/flatfull.com/themes/pulse/css/font-awesome/fonts/fontawesome-webfonte0a5e0a5.woff]
[file/E_/templates/pulse/flatfull.com/themes/pulse/css/font-awesome/fonts/fontawesome-webfonte0a5e0a5.ttf]
[file/E_/templates/pulse/flatfull.com/themes/pulse/css/font-awesome/fonts/fontawesome-webfonte0a5e0a5.svg]
[file/E_/templates/pulse/flatfull.com/themes/pulse/css/fonts/poppins/400d41dd41d.eot]
[file/E_/templates/pulse/flatfull.com/themes/pulse/css/fonts/poppins/700d41dd41d.eot]
[file/E_/templates/pulse/flatfull.com/themes/pulse/ui.arrow.html]
[file/E_/templates/pulse/flatfull.com/themes/pulse/ui.box.html]
[file/E_/templates/pulse/flatfull.com/themes/pulse/ui.button.html]
[file/E_/templates/pulse/flatfull.com/themes/pulse/ui.color.html]
[file/E_/templates/pulse/flatfull.com/themes/pulse/ui.dropdown.html]
[file/E_/templates/pulse/flatfull.com/themes/pulse/ui.grid.html]
[file/E_/templates/pulse/flatfull.com/themes/pulse/ui.icon.html]
[file/E_/templates/pulse/flatfull.com/themes/pulse/ui.label.html]
[file/E_/templates/pulse/flatfull.com/themes/pulse/ui.list.html]
[file/E_/templates/pulse/flatfull.com/themes/pulse/ui.modal.html]
[file/E_/templates/pulse/flatfull.com/themes/pulse/ui.nav.html]
[file/E_/templates/pulse/flatfull.com/themes/pulse/ui.progress.html]
[file/E_/templates/pulse/flatfull.com/themes/pulse/ui.social.html]
[file/E_/templates/pulse/flatfull.com/themes/pulse/ui.streamline.html]
[file/E_/templates/pulse/flatfull.com/themes/pulse/ui.timeline.html]
[file/E_/templates/pulse/flatfull.com/themes/pulse/ui.widget.html]
[file/E_/templates/pulse/flatfull.com/themes/pulse/scroll.item.html]
[file/E_/templates/pulse/flatfull.com/themes/pulse/scroll.author.html]
[file/E_/templates/pulse/flatfull.com/themes/pulse/You must include the utils.js file before tether.js]
[file/E_/templates/pulse/flatfull.com/themes/pulse/mediaelement.min.js]
[file/E_/templates/pulse/flatfull.com/themes/pulse/mediaelement-and-player.js]
